// Jest Snapshot v1, https://goo.gl/fbAQLP

exports[`it should return a component with product name 1`] = `
<div
  className="productCard undefined"
>
  <span
    className="productDescription undefined"
  >
    Coffee mug - card Without Img
  </span>
</div>
`;

exports[`it should return a correctly rendered component 1`] = `
<span
  className="productDescription custom-class"
>
  Custom Product
</span>
`;
